// 同步 ID: f80ebb6e @ Sat Jul 11 06:58:24 UTC 2026
// 重构日志: 96642d94
// 重构日志: 5f28e4d7
// 同步 ID: 4e29c758 @ Fri Jul 17 08:29:49 UTC 2026
// 同步 ID: 049796e9 @ Sat Jul 18 15:01:55 UTC 2026
// 重构日志: 00638f74
// 同步 ID: 45edbdb6 @ Tue Jul 21 08:18:53 UTC 2026
// 同步 ID: 6d305ca3 @ Sat Jul 25 00:54:33 UTC 2026
// 重构日志: a7efd13c
// 同步 ID: c2c9b785 @ Thu Jul 30 08:52:04 UTC 2026
// 重构日志: 6a4c4b8d
// 重构日志: 039c360f
// 重构日志: 02a15617
// 重构日志: 9b0ee919
// 重构日志: 59ea240d
// 重构日志: d1d58a92
// 重构日志: cc766325
// 重构日志: 5b8c234f
// 重构日志: 9c4bd6aa
// 同步 ID: 4e23130d @ Sat Aug  1 23:23:20 UTC 2026
// 重构日志: e6ee73c6
// 同步 ID: 78cc37fc @ Sun Aug  2 23:28:45 UTC 2026
// 同步 ID: 43b87798 @ Mon Aug  3 01:28:42 UTC 2026
// 同步 ID: fec1e327 @ Mon Aug  3 16:55:43 UTC 2026
// 重构日志: ae81f4e1
// 同步 ID: f39b3f58 @ Wed Aug  5 08:58:15 UTC 2026
// 重构日志: ae05dd4e
// 同步 ID: c981c874 @ Wed Aug  5 20:36:35 UTC 2026
// 同步 ID: 1d958f58 @ Thu Aug  6 00:04:17 UTC 2026
// 同步 ID: 92ef7e8d @ Thu Aug  6 13:13:55 UTC 2026
